autoconf
awscli
build-essential
byobu
cifs-utils
curl
dkms
docker.io
doxygen
doxygen-gui
dstat
emacs24
emacs24-el
exfat-fuse
fbreader
ffmpeg
fcitx
fcitx-skk
gimp
git
git-hub
git-core
gmtp
gnome-mplayer
gnome-system-monitor
gnome-terminal
google-chrome-stable
gparted
gtk-theme-switch
ibus
ibus-skk
imagemagick
kbuild
kernel-package
language-pack-gnome-ja
language-pack-ja
language-support-ja
language-selector-gnome
libdvdcss2
libdvdread4
libimage-size-perl
libjpeg-turbo-progs
libmoose-perl
libncurses5-dev
libpdf-create-perl
linux-source
lm-sensors
lsb
lynx
macfanctld
mencoder
mplayer
mtpfs
mtp-tools
ncftp
ncurses-dev
network-manager-openvpn
network-manager-openvpn-gnome
network-manager-vpnc
ooo-thumbnailer
openjdk-8-doc
openjdk-8-jdk maven
openjdk-8-source
openssl
openvpn
optipng
otf-freefont
p7zip-full
pdftk
perltidy
php-all-dev
pngnq
poppler-data
ppa-purge
preload
shutter
sloccount
sqlite3
ssh
strongswan
synaptic
sysstat
ubuntu-fan
ubuntu-mate-icon-themes
ubuntu-restricted-extras
unpaper
usb-creator-gtk
vagrant
virtualbox-5.1
vlc
w64codecs
wakeonlan
xbindkeys
xclip
xvkbd
zlib1g
zlib1g-dev
