shutter
l2tp-ipsec-vpn
mtpfs
mtp-tools
gmtp
parallel
acroread-fonts
adobereader-jpn
app-install-data-medibuntu
apport-hooks-medibuntu
apt-watch
autoconf 
build-essential
cabal-install
cifs-utils
clamtk
clamz
curl
dkms
doxygen
doxygen-gui
dstat
emacs-mozc
emacs24
emacs24-el
exfat-fuse
fbreader
ffmpeg
fuse-utils
ghc
ghc-dynamic
ghc-haddock
ghc-profstress
gimp
git-core
git-svn
#gnome-do
#gnome-do-plugins
gnome-mplayer
gnome-system-monitor
google-chrome-stable
gparted
gwakeonlan
hplip
hplip-gui
ia32-libs
ibus-mozc
imagemagick
jd
kernel-package
language-pack-gnome-ja
language-pack-ja
language-support-ja
libdvdcss2
libdvdread4
libimage-size-perl
libmoose-perl
libncurses5-dev
libpdf-create-perl
libqt3-mt-dev
libreoffice
libreoffice-help-ja
libsvnclientadapter-java
linux-source
lm-sensors
lsb
lynx
mencoder
mplayer
mysql-client
mysql-server
mysql-workbench
nautilus-clamscan
nautilus-compare
nautilus-dropbox
nautilus-filename-repairer
nautilus-gtkhash
nautilus-open-terminal
nautilus-script-manager
ncftp
ncurses-dev
okular
okular-extra-backends
ooo-thumbnailer
openjdk-7-doc
openjdk-7-jdk maven
openjdk-7-source
openssl
optipng
otf-freefont
p7zip-full
pandoc
pdftk
perltidy
pngnq
poppler-data
ppa-purge
preload
rhythmbox
sloccount
sqlite3
ssh
subversion
svnkit
synaptic
sysstat
thunderbird 
thunderbird-locale-ja
ttf-ipafont
ttf-monapo
ttf-takao
ttf-vlgothic
ubuntu-restricted-extras
unpaper
usb-creator-gtk
vagrant
virtualbox
#virtualbox-4.3
vlc
w64codecs
wakeonlan
xbindkeys
xclip
xvkbd
zlib1g
zlib1g-dev
