autoconf
awscli
build-essential
byobu
cifs-utils
clamtk
clamz
curl
dkms
docker.io
doxygen
doxygen-gui
dstat
emacs24
emacs24-el
exfat-fuse
fbreader
ffmpeg
gimp
git
git-core
gmtp
gnome-do
gnome-do-plugins
gnome-mplayer
gnome-system-monitor
gnome-terminal
google-chrome-stable
gparted
gtk-theme-switch
gwakeonlan
imagemagick
kbuild
kernel-package
language-pack-gnome-ja
language-pack-ja
language-support-ja
libdvdcss2
libdvdread4
libimage-size-perl
libjpeg-turbo-progs
libmoose-perl
libncurses5-dev
libpdf-create-perl
linux-source
lm-sensors
lsb
lynx
macfanctld
mencoder
mplayer
mtpfs
mtp-tools
nautilus-clamscan
nautilus-compare
nautilus-dropbox
nautilus-filename-repairer
nautilus-gtkhash
nautilus-script-manager
ncftp
ncurses-dev
network-manager-openvpn
network-manager-openvpn-gnome
network-manager-vpnc
okular
okular-extra-backends
ooo-thumbnailer
openjdk-8-doc
openjdk-8-jdk maven
openjdk-8-source
openssl
openvpn
optipng
otf-freefont
p7zip-full
pdftk
perltidy
php-all-dev
pngnq
poppler-data
ppa-purge
preload
shutter
sloccount
sqlite3
ssh
strongswan
synaptic
sysstat
ubuntu-fan
ubuntu-mate-icon-themes
ubuntu-restricted-extras
uim
uim-applet-gnome
uim-common
uim-dict-gtk
uim-dict-gtk3
uim-el
uim-gtk2.0
uim-gtk3
uim-skk
uim-utils
unpaper
usb-creator-gtk
vagrant
virtualbox-5.1
vlc
w64codecs
wakeonlan
xbindkeys
xclip
xvkbd
zlib1g
zlib1g-dev
